// Vitest Snapshot v1, https://vitest.dev/guide/snapshot.html

exports[`VisualReportGenerator class > should group and sort test data correctly 1`] = `
[
  {
    "data": [
      {
        "data": [
          {
            "boundingBoxes": {
              "diffBoundingBoxes": [],
              "ignoredBoxes": [],
            },
            "commandName": "cmd1",
            "description": "@wdio/visual-service mobile web",
            "fileData": {
              "actualFilePath": "",
              "baselineFilePath": "",
              "diffFilePath": "",
              "fileName": "",
              "size": {
                "actual": {
                  "height": 0,
                  "width": 0,
                },
                "baseline": {
                  "height": 0,
                  "width": 0,
                },
                "diff": {
                  "height": 0,
                  "width": 0,
                },
              },
            },
            "framework": "",
            "instanceData": {
              "browser": {
                "name": "browser1",
                "version": "",
              },
              "platform": {
                "name": "platform1",
                "version": "v1",
              },
            },
            "misMatchPercentage": "0",
            "rawMisMatchPercentage": 0,
            "tag": "",
            "test": "test1",
          },
          {
            "boundingBoxes": {
              "diffBoundingBoxes": [],
              "ignoredBoxes": [],
            },
            "commandName": "cmd1",
            "description": "@wdio/visual-service mobile web",
            "fileData": {
              "actualFilePath": "",
              "baselineFilePath": "",
              "diffFilePath": "",
              "fileName": "",
              "size": {
                "actual": {
                  "height": 0,
                  "width": 0,
                },
                "baseline": {
                  "height": 0,
                  "width": 0,
                },
                "diff": {
                  "height": 0,
                  "width": 0,
                },
              },
            },
            "framework": "",
            "instanceData": {
              "browser": {
                "name": "browser1",
                "version": "",
              },
              "platform": {
                "name": "platform2",
                "version": "v1",
              },
            },
            "misMatchPercentage": "0",
            "rawMisMatchPercentage": 0,
            "tag": "",
            "test": "test1",
          },
          {
            "boundingBoxes": {
              "diffBoundingBoxes": [],
              "ignoredBoxes": [],
            },
            "commandName": "cmd2",
            "description": "@wdio/visual-service mobile web",
            "fileData": {
              "actualFilePath": "",
              "baselineFilePath": "",
              "diffFilePath": "",
              "fileName": "",
              "size": {
                "actual": {
                  "height": 0,
                  "width": 0,
                },
                "baseline": {
                  "height": 0,
                  "width": 0,
                },
                "diff": {
                  "height": 0,
                  "width": 0,
                },
              },
            },
            "framework": "",
            "instanceData": {
              "browser": {},
              "platform": {
                "name": "platform1",
                "version": "v1",
              },
            },
            "misMatchPercentage": "0",
            "rawMisMatchPercentage": 0,
            "tag": "",
            "test": "test1",
          },
          {
            "boundingBoxes": {
              "diffBoundingBoxes": [],
              "ignoredBoxes": [],
            },
            "commandName": "cmd2",
            "description": "@wdio/visual-service mobile web",
            "fileData": {
              "actualFilePath": "",
              "baselineFilePath": "",
              "diffFilePath": "",
              "fileName": "",
              "size": {
                "actual": {
                  "height": 0,
                  "width": 0,
                },
                "baseline": {
                  "height": 0,
                  "width": 0,
                },
                "diff": {
                  "height": 0,
                  "width": 0,
                },
              },
            },
            "framework": "",
            "instanceData": {
              "browser": null,
              "platform": {
                "name": "platform1",
                "version": "v1",
              },
            },
            "misMatchPercentage": "0",
            "rawMisMatchPercentage": 0,
            "tag": "",
            "test": "test1",
          },
          {
            "boundingBoxes": {
              "diffBoundingBoxes": [],
              "ignoredBoxes": [],
            },
            "commandName": "cmd2",
            "description": "@wdio/visual-service mobile web",
            "fileData": {
              "actualFilePath": "",
              "baselineFilePath": "",
              "diffFilePath": "",
              "fileName": "",
              "size": {
                "actual": {
                  "height": 0,
                  "width": 0,
                },
                "baseline": {
                  "height": 0,
                  "width": 0,
                },
                "diff": {
                  "height": 0,
                  "width": 0,
                },
              },
            },
            "framework": "",
            "instanceData": {
              "browser": undefined,
              "platform": {
                "name": "platform1",
                "version": "v1",
              },
            },
            "misMatchPercentage": "0",
            "rawMisMatchPercentage": 0,
            "tag": "",
            "test": "test1",
          },
          {
            "boundingBoxes": {
              "diffBoundingBoxes": [],
              "ignoredBoxes": [],
            },
            "commandName": "cmd2",
            "description": "@wdio/visual-service mobile web",
            "fileData": {
              "actualFilePath": "",
              "baselineFilePath": "",
              "diffFilePath": "",
              "fileName": "",
              "size": {
                "actual": {
                  "height": 0,
                  "width": 0,
                },
                "baseline": {
                  "height": 0,
                  "width": 0,
                },
                "diff": {
                  "height": 0,
                  "width": 0,
                },
              },
            },
            "framework": "",
            "instanceData": {
              "browser": {
                "name": "browser2",
                "version": "",
              },
              "platform": {
                "name": "platform1",
                "version": "v1",
              },
            },
            "misMatchPercentage": "0",
            "rawMisMatchPercentage": 0,
            "tag": "",
            "test": "test1",
          },
          {
            "boundingBoxes": {
              "diffBoundingBoxes": [],
              "ignoredBoxes": [],
            },
            "commandName": "cmd3",
            "description": "@wdio/visual-service mobile web",
            "fileData": {
              "actualFilePath": "",
              "baselineFilePath": "",
              "diffFilePath": "",
              "fileName": "",
              "size": {
                "actual": {
                  "height": 0,
                  "width": 0,
                },
                "baseline": {
                  "height": 0,
                  "width": 0,
                },
                "diff": {
                  "height": 0,
                  "width": 0,
                },
              },
            },
            "framework": "",
            "instanceData": {
              "browser": {
                "name": "browser1",
                "version": "",
              },
              "deviceName": "device1",
              "platform": {
                "name": "platform1",
                "version": "v1",
              },
            },
            "misMatchPercentage": "0",
            "rawMisMatchPercentage": 0,
            "tag": "",
            "test": "test1",
          },
          {
            "boundingBoxes": {
              "diffBoundingBoxes": [],
              "ignoredBoxes": [],
            },
            "commandName": "cmd3",
            "description": "@wdio/visual-service mobile web",
            "fileData": {
              "actualFilePath": "",
              "baselineFilePath": "",
              "diffFilePath": "",
              "fileName": "",
              "size": {
                "actual": {
                  "height": 0,
                  "width": 0,
                },
                "baseline": {
                  "height": 0,
                  "width": 0,
                },
                "diff": {
                  "height": 0,
                  "width": 0,
                },
              },
            },
            "framework": "",
            "instanceData": {
              "browser": {
                "name": "browser1",
                "version": "",
              },
              "deviceName": "device2",
              "platform": {
                "name": "platform1",
                "version": "v1",
              },
            },
            "misMatchPercentage": "0",
            "rawMisMatchPercentage": 0,
            "tag": "",
            "test": "test1",
          },
        ],
        "test": "test1",
      },
      {
        "data": [
          {
            "boundingBoxes": {
              "diffBoundingBoxes": [],
              "ignoredBoxes": [],
            },
            "commandName": "cmd1",
            "description": "@wdio/visual-service mobile web",
            "fileData": {
              "actualFilePath": "",
              "baselineFilePath": "",
              "diffFilePath": "",
              "fileName": "",
              "size": {
                "actual": {
                  "height": 0,
                  "width": 0,
                },
                "baseline": {
                  "height": 0,
                  "width": 0,
                },
                "diff": {
                  "height": 0,
                  "width": 0,
                },
              },
            },
            "framework": "",
            "instanceData": {
              "browser": {
                "name": "browser1",
                "version": "",
              },
              "platform": {
                "name": "platform1",
                "version": "v1",
              },
            },
            "misMatchPercentage": "0",
            "rawMisMatchPercentage": 0,
            "tag": "",
            "test": "test2",
          },
          {
            "boundingBoxes": {
              "diffBoundingBoxes": [],
              "ignoredBoxes": [],
            },
            "commandName": "cmd1",
            "description": "@wdio/visual-service mobile web",
            "fileData": {
              "actualFilePath": "",
              "baselineFilePath": "",
              "diffFilePath": "",
              "fileName": "",
              "size": {
                "actual": {
                  "height": 0,
                  "width": 0,
                },
                "baseline": {
                  "height": 0,
                  "width": 0,
                },
                "diff": {
                  "height": 0,
                  "width": 0,
                },
              },
            },
            "framework": "",
            "instanceData": {
              "browser": {
                "name": "browser1",
                "version": "",
              },
              "platform": {
                "name": "platform3",
                "version": "v1",
              },
            },
            "misMatchPercentage": "0",
            "rawMisMatchPercentage": 0,
            "tag": "",
            "test": "test2",
          },
          {
            "boundingBoxes": {
              "diffBoundingBoxes": [],
              "ignoredBoxes": [],
            },
            "commandName": "cmd2",
            "description": "@wdio/visual-service mobile web",
            "fileData": {
              "actualFilePath": "",
              "baselineFilePath": "",
              "diffFilePath": "",
              "fileName": "",
              "size": {
                "actual": {
                  "height": 0,
                  "width": 0,
                },
                "baseline": {
                  "height": 0,
                  "width": 0,
                },
                "diff": {
                  "height": 0,
                  "width": 0,
                },
              },
            },
            "framework": "",
            "instanceData": {
              "browser": {
                "name": "",
                "version": "",
              },
              "platform": {
                "name": "platform1",
                "version": "v1",
              },
            },
            "misMatchPercentage": "0",
            "rawMisMatchPercentage": 0,
            "tag": "",
            "test": "test2",
          },
          {
            "boundingBoxes": {
              "diffBoundingBoxes": [],
              "ignoredBoxes": [],
            },
            "commandName": "cmd2",
            "description": "@wdio/visual-service mobile web",
            "fileData": {
              "actualFilePath": "",
              "baselineFilePath": "",
              "diffFilePath": "",
              "fileName": "",
              "size": {
                "actual": {
                  "height": 0,
                  "width": 0,
                },
                "baseline": {
                  "height": 0,
                  "width": 0,
                },
                "diff": {
                  "height": 0,
                  "width": 0,
                },
              },
            },
            "framework": "",
            "instanceData": {
              "browser": {
                "name": "browser2",
                "version": "",
              },
              "platform": {
                "name": "platform1",
                "version": "v1",
              },
            },
            "misMatchPercentage": "0",
            "rawMisMatchPercentage": 0,
            "tag": "",
            "test": "test2",
          },
          {
            "boundingBoxes": {
              "diffBoundingBoxes": [],
              "ignoredBoxes": [],
            },
            "commandName": "cmd3",
            "description": "@wdio/visual-service mobile web",
            "fileData": {
              "actualFilePath": "",
              "baselineFilePath": "",
              "diffFilePath": "",
              "fileName": "",
              "size": {
                "actual": {
                  "height": 0,
                  "width": 0,
                },
                "baseline": {
                  "height": 0,
                  "width": 0,
                },
                "diff": {
                  "height": 0,
                  "width": 0,
                },
              },
            },
            "framework": "",
            "instanceData": {
              "platform": {
                "name": "platform1",
                "version": "v1",
              },
            },
            "misMatchPercentage": "0",
            "rawMisMatchPercentage": 0,
            "tag": "",
            "test": "test2",
          },
          {
            "boundingBoxes": {
              "diffBoundingBoxes": [],
              "ignoredBoxes": [],
            },
            "commandName": "cmd3",
            "description": "@wdio/visual-service mobile web",
            "fileData": {
              "actualFilePath": "",
              "baselineFilePath": "",
              "diffFilePath": "",
              "fileName": "",
              "size": {
                "actual": {
                  "height": 0,
                  "width": 0,
                },
                "baseline": {
                  "height": 0,
                  "width": 0,
                },
                "diff": {
                  "height": 0,
                  "width": 0,
                },
              },
            },
            "framework": "",
            "instanceData": {
              "browser": {
                "name": "browser3",
                "version": "",
              },
              "platform": {
                "name": "platform2",
                "version": "v1",
              },
            },
            "misMatchPercentage": "0",
            "rawMisMatchPercentage": 0,
            "tag": "",
            "test": "test2",
          },
        ],
        "test": "test2",
      },
    ],
    "description": "@wdio/visual-service mobile web",
  },
]
`;
