// Vitest Snapshot v1, https://vitest.dev/guide/snapshot.html

exports[`@wdio/visual-service > before > should fail registering custom matchers 1`] = `
[MockFunction spy] {
  "calls": [
    [
      "Expect package not found. This means that the custom matchers \`toMatchScreenSnapshot|toMatchFullPageSnapshot|toMatchElementSnapshot|toMatchTabbablePageSnapshot\` are not added and can not be used. Please make sure to add it to your \`package.json\` if you want to use the Visual custom matchers.",
    ],
  ],
  "results": [
    {
      "type": "return",
      "value": undefined,
    },
  ],
}
`;
