// Vitest Snapshot v1, https://vitest.dev/guide/snapshot.html

exports[`ocrGetTextPositions > processes words and adjusts their positions based on DPR 1`] = `
[
  {
    "dprPosition": {
      "bottom": 0.5,
      "left": 0.5,
      "right": 0.5,
      "top": 0.5,
    },
    "filePath": "sample/path/to/image.png",
    "originalPosition": {
      "bottom": 1,
      "left": 1,
      "right": 1,
      "top": 1,
    },
    "text": "Sample",
  },
  {
    "dprPosition": {
      "bottom": 1,
      "left": 1,
      "right": 1,
      "top": 1,
    },
    "filePath": "sample/path/to/image.png",
    "originalPosition": {
      "bottom": 2,
      "left": 2,
      "right": 2,
      "top": 2,
    },
    "text": "OCR t",
  },
  {
    "dprPosition": {
      "bottom": 1.5,
      "left": 1.5,
      "right": 1.5,
      "top": 1.5,
    },
    "filePath": "sample/path/to/image.png",
    "originalPosition": {
      "bottom": 3,
      "left": 3,
      "right": 3,
      "top": 3,
    },
    "text": "ext",
  },
]
`;
